---
source: src/core/file_handler.rs
expression: preview
---
This is a valid line.
[ERROR READING LINE]
