---
source: src/core/file_handler.rs
expression: content
---
# CFC Output - Generated: [DATETIME]
# Total files: 0

# DIRECTORY TREE
=====================
[PROJECT_NAME]/
=====================
