---
source: src/core/file_handler.rs
expression: content
---
# CFC Output - Generated: [DATETIME]
# Total files: 2

[PROJECT_NAME]/src/main.rs
===FILE-START===
fn main() {
    println!("Hello, world!");
}
---FILE-END-----
